Tests for the print_square function

>>> print_square = __import__('4-print_square').print_square

>>> print_square(5)
#####
#####
#####
#####
#####

>>> print_square("we")
Traceback (most recent call last):
TypeError: size must be an integer

>>> print_square(float("nan"))
Traceback (most recent call last):
TypeError: size must be an integer

>>> print_square(1e16)
Traceback (most recent call last):
TypeError: size must be an integer

>>> print_square(-1)
Traceback (most recent call last):
ValueError: size must be >= 0

>>> print_square(9.0)
Traceback (most recent call last):
TypeError: size must be an integer

>>> print_square(-0.4)
Traceback (most recent call last):
TypeError: size must be an integer
